------------------------------------------------------------
TimeQuest Timing Analyzer Summary
------------------------------------------------------------

Type  : Slow Model Setup 'DivisorFrequencia:inst4|inst2'
Slack : -27.465
TNS   : -20717.638

Type  : Slow Model Setup 'clock'
Slack : -14.128
TNS   : -596.983

Type  : Slow Model Hold 'clock'
Slack : -2.523
TNS   : -3.620

Type  : Slow Model Hold 'DivisorFrequencia:inst4|inst2'
Slack : -0.005
TNS   : -0.020

Type  : Slow Model Minimum Pulse Width 'clock'
Slack : -2.000
TNS   : -377.758

Type  : Slow Model Minimum Pulse Width 'DivisorFrequencia:inst4|inst2'
Slack : -0.500
TNS   : -1024.000

Type  : Fast Model Setup 'DivisorFrequencia:inst4|inst2'
Slack : -12.267
TNS   : -9454.529

Type  : Fast Model Setup 'clock'
Slack : -6.229
TNS   : -283.326

Type  : Fast Model Hold 'clock'
Slack : -1.554
TNS   : -2.955

Type  : Fast Model Hold 'DivisorFrequencia:inst4|inst2'
Slack : -0.368
TNS   : -9.348

Type  : Fast Model Minimum Pulse Width 'clock'
Slack : -2.000
TNS   : -377.758

Type  : Fast Model Minimum Pulse Width 'DivisorFrequencia:inst4|inst2'
Slack : -0.500
TNS   : -1024.000

------------------------------------------------------------
